
 Name                                                                        Monthly Qty  Unit            Monthly Cost 
                                                                                                                       
 aws_config_configuration_recorder.my_config_configuration_recorder                                                    
 ├─ Config items                                                           Cost depends on usage: $0.003 per records   
 └─ Custom config items                                                    Cost depends on usage: $0.003 per records   
                                                                                                                       
 aws_config_configuration_recorder.my_config_configuration_recorder_usage                                              
 ├─ Config items                                                                   1,000  records                $3.00 
 └─ Custom config items                                                            2,000  records                $6.00 
                                                                                                                       
 PROJECT TOTAL                                                                                                   $9.00 

----------------------------------
To estimate usage-based resources use --usage-file, see https://infracost.io/usage-file