
 Name                               Monthly Qty  Unit                  Monthly Cost 
                                                                                    
 aws_waf_web_acl.my_waf                                                             
 ├─ Web ACL usage                             1  months                       $5.00 
 ├─ Rules                                     7  months                       $7.00 
 ├─ Rule groups                               2  months                       $2.00 
 └─ Requests                                  1  1M requests                  $0.60 
                                                                                    
 aws_waf_web_acl.withoutUsage                                                       
 ├─ Web ACL usage                             1  months                       $5.00 
 ├─ Rules                                     2  months                       $2.00 
 ├─ Rule groups                               2  months                       $2.00 
 └─ Requests                   Monthly cost depends on usage: $0.60 per 1M requests 
                                                                                    
 OVERALL TOTAL                                                               $23.60 
----------------------------------
To estimate usage-based resources use --usage-file, see https://infracost.io/usage-file