
 Name                                             Monthly Qty  Unit                    Monthly Cost    
                                                                                                       
 aws_s3_bucket.bucket_withUsage                                                                        
 ├─ Standard                                                                                           
 │  ├─ Storage                                         10,000  GB                           $230.00  * 
 │  ├─ PUT, COPY, POST, LIST requests                      10  1k requests                    $0.05  * 
 │  ├─ GET, SELECT, and all other requests                 10  1k requests                    $0.00  * 
 │  ├─ Select data scanned                             10,000  GB                            $20.00  * 
 │  └─ Select data returned                            10,000  GB                             $7.00  * 
 ├─ Intelligent tiering                                                                                
 │  ├─ Storage (frequent access)                       20,000  GB                           $460.00  * 
 │  ├─ Storage (infrequent access)                     20,000  GB                           $250.00  * 
 │  ├─ Storage (archive access)                        20,000  GB                            $72.00  * 
 │  ├─ Storage (deep archive access)                   20,000  GB                            $19.80  * 
 │  ├─ Monitoring and automation                           20  1k objects                     $0.05  * 
 │  ├─ PUT, COPY, POST, LIST requests                      20  1k requests                    $0.10  * 
 │  ├─ GET, SELECT, and all other requests                 20  1k requests                    $0.01  * 
 │  ├─ Lifecycle transition                                20  1k requests                    $0.20  * 
 │  ├─ Select data scanned                             20,000  GB                            $40.00  * 
 │  ├─ Select data returned                            20,000  GB                            $14.00  * 
 │  └─ Early delete (within 30 days)                   20,000  GB                           $460.00  * 
 ├─ Standard - infrequent access                                                                       
 │  ├─ Storage                                         30,000  GB                           $375.00  * 
 │  ├─ PUT, COPY, POST, LIST requests                      30  1k requests                    $0.30  * 
 │  ├─ GET, SELECT, and all other requests                 30  1k requests                    $0.03  * 
 │  ├─ Lifecycle transition                                30  1k requests                    $0.30  * 
 │  ├─ Retrievals                                      30,000  GB                           $300.00  * 
 │  ├─ Select data scanned                             30,000  GB                            $60.00  * 
 │  └─ Select data returned                            30,000  GB                           $300.00  * 
 ├─ One zone - infrequent access                                                                       
 │  ├─ Storage                                         40,000  GB                           $400.00  * 
 │  ├─ PUT, COPY, POST, LIST requests                      40  1k requests                    $0.40  * 
 │  ├─ GET, SELECT, and all other requests                 40  1k requests                    $0.04  * 
 │  ├─ Lifecycle transition                                40  1k requests                    $0.40  * 
 │  ├─ Retrievals                                      40,000  GB                           $400.00  * 
 │  ├─ Select data scanned                             40,000  GB                            $80.00  * 
 │  └─ Select data returned                            40,000  GB                           $400.00  * 
 ├─ Glacier flexible retrieval                                                                         
 │  ├─ Storage                                         50,000  GB                           $180.00  * 
 │  ├─ PUT, COPY, POST, LIST requests                      50  1k requests                    $1.50  * 
 │  ├─ GET, SELECT, and all other requests                 50  1k requests                    $0.02  * 
 │  ├─ Lifecycle transition                                50  1k requests                    $1.50  * 
 │  ├─ Retrieval requests (standard)                       50  1k requests                    $1.50  * 
 │  ├─ Retrievals (standard)                           50,000  GB                           $500.00  * 
 │  ├─ Select data scanned (standard)                  50,000  GB                           $400.00  * 
 │  ├─ Select data returned (standard)                 50,000  GB                           $500.00  * 
 │  ├─ Retrieval requests (expedited)                      50  1k requests                  $500.00  * 
 │  ├─ Retrievals (expedited)                          50,000  GB                         $1,500.00  * 
 │  ├─ Select data scanned (expedited)                 50,000  GB                         $1,000.00  * 
 │  ├─ Select data returned (expedited)                50,000  GB                         $1,500.00  * 
 │  ├─ Select data scanned (bulk)                      50,000  GB                            $50.00  * 
 │  ├─ Select data returned (bulk)                     50,000  GB                           $125.00  * 
 │  └─ Early delete (within 90 days)                   50,000  GB                           $180.00  * 
 └─ Glacier deep archive                                                                               
    ├─ Storage                                         60,000  GB                            $59.40  * 
    ├─ PUT, COPY, POST, LIST requests                      60  1k requests                    $3.00  * 
    ├─ GET, SELECT, and all other requests                 60  1k requests                    $0.02  * 
    ├─ Lifecycle transition                                60  1k requests                    $3.00  * 
    ├─ Retrieval requests (standard)                       60  1k requests                    $6.00  * 
    ├─ Retrievals (standard)                           60,000  GB                         $1,200.00  * 
    ├─ Retrieval requests (bulk)                           60  1k requests                    $1.50  * 
    ├─ Retrievals (bulk)                               60,000  GB                           $150.00  * 
    └─ Early delete (within 180 days)                  60,000  GB                            $59.40  * 
                                                                                                       
 aws_s3_bucket.bucket1                                                                                 
 └─ Standard                                                                                           
    ├─ Storage                              Monthly cost depends on usage: $0.023 per GB               
    ├─ PUT, COPY, POST, LIST requests       Monthly cost depends on usage: $0.005 per 1k requests      
    ├─ GET, SELECT, and all other requests  Monthly cost depends on usage: $0.0004 per 1k requests     
    ├─ Select data scanned                  Monthly cost depends on usage: $0.002 per GB               
    └─ Select data returned                 Monthly cost depends on usage: $0.0007 per GB              
                                                                                                       
 OVERALL TOTAL                                                                           $11,811.53 

*Usage costs can be estimated by updating Infracost Cloud settings, see docs for other options.

──────────────────────────────────
2 cloud resources were detected:
∙ 2 were estimated

┏━━━━━━━━━━━━━━━━━━━━━━━━━━━━━━━━━━━━━━━━━━━━━━━━━━━━┳━━━━━━━━━━━━━━━┳━━━━━━━━━━━━━┳━━━━━━━━━━━━┓
┃ Project                                            ┃ Baseline cost ┃ Usage cost* ┃ Total cost ┃
┣━━━━━━━━━━━━━━━━━━━━━━━━━━━━━━━━━━━━━━━━━━━━━━━━━━━━╋━━━━━━━━━━━━━━━╋━━━━━━━━━━━━━╋━━━━━━━━━━━━┫
┃ main                                               ┃         $0.00 ┃     $11,812 ┃    $11,812 ┃
┗━━━━━━━━━━━━━━━━━━━━━━━━━━━━━━━━━━━━━━━━━━━━━━━━━━━━┻━━━━━━━━━━━━━━━┻━━━━━━━━━━━━━┻━━━━━━━━━━━━┛