
 Name                                                                                                                       Monthly Qty  Unit                      Monthly Cost    
                                                                                                                                                                                   
 azurerm_windows_function_app.function_with_usage["plan-Windows-EP3"]                                                                                                              
 ├─ vCPU (EP3)                                                                                                                        8  vCPU                         $1,010.32    
 └─ Memory (EP3)                                                                                                                     28  GB                             $251.41    
                                                                                                                                                                                   
 azurerm_windows_function_app.legacy_service_plan_function_with_usage["legacy-plan-ElasticPremium-EP3-FunctionApp"]                                                                
 ├─ vCPU (EP3)                                                                                                                        8  vCPU                         $1,010.32    
 └─ Memory (EP3)                                                                                                                     28  GB                             $251.41    
                                                                                                                                                                                   
 azurerm_windows_function_app.legacy_service_plan_function_with_usage["legacy-plan-ElasticPremium-EP3-elastic"]                                                                    
 ├─ vCPU (EP3)                                                                                                                        8  vCPU                         $1,010.32    
 └─ Memory (EP3)                                                                                                                     28  GB                             $251.41    
                                                                                                                                                                                   
 azurerm_windows_function_app.legacy_service_plan_function_with_usage["legacy-plan-Standard-EP3-elastic"]                                                                          
 ├─ vCPU (EP3)                                                                                                                        8  vCPU                         $1,010.32    
 └─ Memory (EP3)                                                                                                                     28  GB                             $251.41    
                                                                                                                                                                                   
 azurerm_windows_function_app.function["plan-Windows-EP3"]                                                                                                                         
 ├─ vCPU (EP3)                                                                                                                        4  vCPU                           $505.16    
 └─ Memory (EP3)                                                                                                                     14  GB                             $125.71    
                                                                                                                                                                                   
 azurerm_windows_function_app.function_with_usage["plan-Windows-EP2"]                                                                                                              
 ├─ vCPU (EP2)                                                                                                                        4  vCPU                           $505.16    
 └─ Memory (EP2)                                                                                                                     14  GB                             $125.71    
                                                                                                                                                                                   
 azurerm_windows_function_app.legacy_service_plan_function["legacy-plan-ElasticPremium-EP3-FunctionApp"]                                                                           
 ├─ vCPU (EP3)                                                                                                                        4  vCPU                           $505.16    
 └─ Memory (EP3)                                                                                                                     14  GB                             $125.71    
                                                                                                                                                                                   
 azurerm_windows_function_app.legacy_service_plan_function["legacy-plan-ElasticPremium-EP3-elastic"]                                                                               
 ├─ vCPU (EP3)                                                                                                                        4  vCPU                           $505.16    
 └─ Memory (EP3)                                                                                                                     14  GB                             $125.71    
                                                                                                                                                                                   
 azurerm_windows_function_app.legacy_service_plan_function["legacy-plan-Standard-EP3-elastic"]                                                                                     
 ├─ vCPU (EP3)                                                                                                                        4  vCPU                           $505.16    
 └─ Memory (EP3)                                                                                                                     14  GB                             $125.71    
                                                                                                                                                                                   
 azurerm_windows_function_app.legacy_service_plan_function_with_usage["legacy-plan-ElasticPremium-EP2-FunctionApp"]                                                                
 ├─ vCPU (EP2)                                                                                                                        4  vCPU                           $505.16    
 └─ Memory (EP2)                                                                                                                     14  GB                             $125.71    
                                                                                                                                                                                   
 azurerm_windows_function_app.legacy_service_plan_function_with_usage["legacy-plan-ElasticPremium-EP2-elastic"]                                                                    
 ├─ vCPU (EP2)                                                                                                                        4  vCPU                           $505.16    
 └─ Memory (EP2)                                                                                                                     14  GB                             $125.71    
                                                                                                                                                                                   
 azurerm_windows_function_app.legacy_service_plan_function_with_usage["legacy-plan-Standard-EP2-elastic"]                                                                          
 ├─ vCPU (EP2)                                                                                                                        4  vCPU                           $505.16    
 └─ Memory (EP2)                                                                                                                     14  GB                             $125.71    
                                                                                                                                                                                   
 azurerm_windows_function_app.function["plan-Windows-EP2"]                                                                                                                         
 ├─ vCPU (EP2)                                                                                                                        2  vCPU                           $252.58    
 └─ Memory (EP2)                                                                                                                      7  GB                              $62.85    
                                                                                                                                                                                   
 azurerm_windows_function_app.function_with_usage["plan-Windows-EP1"]                                                                                                              
 ├─ vCPU (EP1)                                                                                                                        2  vCPU                           $252.58    
 └─ Memory (EP1)                                                                                                                      7  GB                              $62.85    
                                                                                                                                                                                   
 azurerm_windows_function_app.legacy_service_plan_function["legacy-plan-ElasticPremium-EP2-FunctionApp"]                                                                           
 ├─ vCPU (EP2)                                                                                                                        2  vCPU                           $252.58    
 └─ Memory (EP2)                                                                                                                      7  GB                              $62.85    
                                                                                                                                                                                   
 azurerm_windows_function_app.legacy_service_plan_function["legacy-plan-ElasticPremium-EP2-elastic"]                                                                               
 ├─ vCPU (EP2)                                                                                                                        2  vCPU                           $252.58    
 └─ Memory (EP2)                                                                                                                      7  GB                              $62.85    
                                                                                                                                                                                   
 azurerm_windows_function_app.legacy_service_plan_function["legacy-plan-Standard-EP2-elastic"]                                                                                     
 ├─ vCPU (EP2)                                                                                                                        2  vCPU                           $252.58    
 └─ Memory (EP2)                                                                                                                      7  GB                              $62.85    
                                                                                                                                                                                   
 azurerm_windows_function_app.legacy_service_plan_function_with_usage["legacy-plan-ElasticPremium-EP1-FunctionApp"]                                                                
 ├─ vCPU (EP1)                                                                                                                        2  vCPU                           $252.58    
 └─ Memory (EP1)                                                                                                                      7  GB                              $62.85    
                                                                                                                                                                                   
 azurerm_windows_function_app.legacy_service_plan_function_with_usage["legacy-plan-ElasticPremium-EP1-elastic"]                                                                    
 ├─ vCPU (EP1)                                                                                                                        2  vCPU                           $252.58    
 └─ Memory (EP1)                                                                                                                      7  GB                              $62.85    
                                                                                                                                                                                   
 azurerm_windows_function_app.legacy_service_plan_function_with_usage["legacy-plan-Standard-EP1-elastic"]                                                                          
 ├─ vCPU (EP1)                                                                                                                        2  vCPU                           $252.58    
 └─ Memory (EP1)                                                                                                                      7  GB                              $62.85    
                                                                                                                                                                                   
 azurerm_windows_function_app.function["plan-Windows-EP1"]                                                                                                                         
 ├─ vCPU (EP1)                                                                                                                        1  vCPU                           $126.29    
 └─ Memory (EP1)                                                                                                                    3.5  GB                              $31.43    
                                                                                                                                                                                   
 azurerm_windows_function_app.legacy_service_plan_function["legacy-plan-ElasticPremium-EP1-FunctionApp"]                                                                           
 ├─ vCPU (EP1)                                                                                                                        1  vCPU                           $126.29    
 └─ Memory (EP1)                                                                                                                    3.5  GB                              $31.43    
                                                                                                                                                                                   
 azurerm_windows_function_app.legacy_service_plan_function["legacy-plan-ElasticPremium-EP1-elastic"]                                                                               
 ├─ vCPU (EP1)                                                                                                                        1  vCPU                           $126.29    
 └─ Memory (EP1)                                                                                                                    3.5  GB                              $31.43    
                                                                                                                                                                                   
 azurerm_windows_function_app.legacy_service_plan_function["legacy-plan-Standard-EP1-elastic"]                                                                                     
 ├─ vCPU (EP1)                                                                                                                        1  vCPU                           $126.29    
 └─ Memory (EP1)                                                                                                                    3.5  GB                              $31.43    
                                                                                                                                                                                   
 azurerm_windows_function_app.function_with_usage["plan-Windows-Y1"]                                                                                                               
 ├─ Execution time                                                                                                         876,180.4425  GB-seconds                      $14.02  * 
 └─ Executions                                                                                                                   3.5401  1M requests                      $0.71  * 
                                                                                                                                                                                   
 azurerm_windows_function_app.legacy_service_plan_function_with_usage["legacy-plan-ElasticPremium-Y1-FunctionApp"]                                                                 
 ├─ Execution time                                                                                                         876,180.4425  GB-seconds                      $14.02  * 
 └─ Executions                                                                                                                   3.5401  1M requests                      $0.71  * 
                                                                                                                                                                                   
 azurerm_windows_function_app.legacy_service_plan_function_with_usage["legacy-plan-ElasticPremium-Y1-elastic"]                                                                     
 ├─ Execution time                                                                                                         876,180.4425  GB-seconds                      $14.02  * 
 └─ Executions                                                                                                                   3.5401  1M requests                      $0.71  * 
                                                                                                                                                                                   
 azurerm_windows_function_app.legacy_service_plan_function_with_usage["legacy-plan-Standard-EP1-FunctionApp"]                                                                      
 ├─ Execution time                                                                                                         876,180.4425  GB-seconds                      $14.02  * 
 └─ Executions                                                                                                                   3.5401  1M requests                      $0.71  * 
                                                                                                                                                                                   
 azurerm_windows_function_app.legacy_service_plan_function_with_usage["legacy-plan-Standard-EP2-FunctionApp"]                                                                      
 ├─ Execution time                                                                                                         876,180.4425  GB-seconds                      $14.02  * 
 └─ Executions                                                                                                                   3.5401  1M requests                      $0.71  * 
                                                                                                                                                                                   
 azurerm_windows_function_app.legacy_service_plan_function_with_usage["legacy-plan-Standard-EP3-FunctionApp"]                                                                      
 ├─ Execution time                                                                                                         876,180.4425  GB-seconds                      $14.02  * 
 └─ Executions                                                                                                                   3.5401  1M requests                      $0.71  * 
                                                                                                                                                                                   
 azurerm_windows_function_app.legacy_service_plan_function_with_usage["legacy-plan-Standard-Y1-FunctionApp"]                                                                       
 ├─ Execution time                                                                                                         876,180.4425  GB-seconds                      $14.02  * 
 └─ Executions                                                                                                                   3.5401  1M requests                      $0.71  * 
                                                                                                                                                                                   
 azurerm_windows_function_app.legacy_service_plan_function_with_usage["legacy-plan-Standard-Y1-elastic"]                                                                           
 ├─ Execution time                                                                                                         876,180.4425  GB-seconds                      $14.02  * 
 └─ Executions                                                                                                                   3.5401  1M requests                      $0.71  * 
                                                                                                                                                                                   
 azurerm_storage_account.example                                                                                                                                                   
 ├─ Capacity                                                                                                         Monthly cost depends on usage: $0.0152 per GB                 
 ├─ Write operations                                                                                                 Monthly cost depends on usage: $0.10 per 10k operations       
 ├─ List and create container operations                                                                             Monthly cost depends on usage: $0.05 per 10k operations       
 ├─ Read operations                                                                                                  Monthly cost depends on usage: $0.01 per 10k operations       
 ├─ All other operations                                                                                             Monthly cost depends on usage: $0.004 per 10k operations      
 ├─ Data retrieval                                                                                                   Monthly cost depends on usage: $0.01 per GB                   
 ├─ Blob index                                                                                                       Monthly cost depends on usage: $0.03 per 10k tags             
 └─ Early deletion                                                                                                   Monthly cost depends on usage: $0.0152 per GB                 
                                                                                                                                                                                   
 azurerm_windows_function_app.function["plan-Windows-Y1"]                                                                                                                          
 ├─ Execution time                                                                                                   Monthly cost depends on usage: $0.000016 per GB-seconds       
 └─ Executions                                                                                                       Monthly cost depends on usage: $0.20 per 1M requests          
                                                                                                                                                                                   
 azurerm_windows_function_app.legacy_service_plan_function["legacy-plan-ElasticPremium-Y1-FunctionApp"]                                                                            
 ├─ Execution time                                                                                                   Monthly cost depends on usage: $0.000016 per GB-seconds       
 └─ Executions                                                                                                       Monthly cost depends on usage: $0.20 per 1M requests          
                                                                                                                                                                                   
 azurerm_windows_function_app.legacy_service_plan_function["legacy-plan-ElasticPremium-Y1-elastic"]                                                                                
 ├─ Execution time                                                                                                   Monthly cost depends on usage: $0.000016 per GB-seconds       
 └─ Executions                                                                                                       Monthly cost depends on usage: $0.20 per 1M requests          
                                                                                                                                                                                   
 azurerm_windows_function_app.legacy_service_plan_function["legacy-plan-Standard-EP1-FunctionApp"]                                                                                 
 ├─ Execution time                                                                                                   Monthly cost depends on usage: $0.000016 per GB-seconds       
 └─ Executions                                                                                                       Monthly cost depends on usage: $0.20 per 1M requests          
                                                                                                                                                                                   
 azurerm_windows_function_app.legacy_service_plan_function["legacy-plan-Standard-EP2-FunctionApp"]                                                                                 
 ├─ Execution time                                                                                                   Monthly cost depends on usage: $0.000016 per GB-seconds       
 └─ Executions                                                                                                       Monthly cost depends on usage: $0.20 per 1M requests          
                                                                                                                                                                                   
 azurerm_windows_function_app.legacy_service_plan_function["legacy-plan-Standard-EP3-FunctionApp"]                                                                                 
 ├─ Execution time                                                                                                   Monthly cost depends on usage: $0.000016 per GB-seconds       
 └─ Executions                                                                                                       Monthly cost depends on usage: $0.20 per 1M requests          
                                                                                                                                                                                   
 azurerm_windows_function_app.legacy_service_plan_function["legacy-plan-Standard-Y1-FunctionApp"]                                                                                  
 ├─ Execution time                                                                                                   Monthly cost depends on usage: $0.000016 per GB-seconds       
 └─ Executions                                                                                                       Monthly cost depends on usage: $0.20 per 1M requests          
                                                                                                                                                                                   
 azurerm_windows_function_app.legacy_service_plan_function["legacy-plan-Standard-Y1-elastic"]                                                                                      
 ├─ Execution time                                                                                                   Monthly cost depends on usage: $0.000016 per GB-seconds       
 └─ Executions                                                                                                       Monthly cost depends on usage: $0.20 per 1M requests          
                                                                                                                                                                                   
 OVERALL TOTAL                                                                                                                                                       $13,366.00 

*Usage costs can be estimated by updating Infracost Cloud settings, see docs for other options.

──────────────────────────────────
63 cloud resources were detected:
∙ 41 were estimated
∙ 22 were free

┏━━━━━━━━━━━━━━━━━━━━━━━━━━━━━━━━━━━━━━━━━━━━━━━━━━━━┳━━━━━━━━━━━━━━━┳━━━━━━━━━━━━━┳━━━━━━━━━━━━┓
┃ Project                                            ┃ Baseline cost ┃ Usage cost* ┃ Total cost ┃
┣━━━━━━━━━━━━━━━━━━━━━━━━━━━━━━━━━━━━━━━━━━━━━━━━━━━━╋━━━━━━━━━━━━━━━╋━━━━━━━━━━━━━╋━━━━━━━━━━━━┫
┃ main                                               ┃       $13,248 ┃        $118 ┃    $13,366 ┃
┗━━━━━━━━━━━━━━━━━━━━━━━━━━━━━━━━━━━━━━━━━━━━━━━━━━━━┻━━━━━━━━━━━━━━━┻━━━━━━━━━━━━━┻━━━━━━━━━━━━┛