
 Name                                                  Monthly Qty  Unit                  Monthly Cost 
                                                                                                       
 azurerm_eventhub_namespace.basic                                                                      
 ├─ Ingress events (Basic)                                      10  1M events                    $0.15 
 └─ Throughput (1)                                          0.0013  units                        $0.02 
                                                                                                       
 azurerm_eventhub_namespace.basicwithoutusage                                                          
 ├─ Ingress events (Basic)                        Monthly cost depends on usage: $0.015 per 1M events  
 └─ Throughput (1)                                          0.0013  units                        $0.02 
                                                                                                       
 azurerm_eventhub_namespace.capacity                                                                   
 ├─ Ingress events (Standard)                     Monthly cost depends on usage: $0.015 per 1M events  
 ├─ Throughput (10)                                         0.0136  units                        $0.15 
 └─ Capture                                                      1  hour                         $0.10 
                                                                                                       
 azurerm_eventhub_namespace.standard                                                                   
 ├─ Ingress events (Standard)                                  100  1M events                    $1.50 
 ├─ Throughput (1)                                          0.0013  units                        $0.02 
 └─ Capture                                                      1  hour                         $0.10 
                                                                                                       
 azurerm_eventhub_namespace.standardwithoutusage                                                       
 ├─ Ingress events (Standard)                     Monthly cost depends on usage: $0.015 per 1M events  
 ├─ Throughput (1)                                          0.0013  units                        $0.02 
 └─ Capture                                                      1  hour                         $0.10 
                                                                                                       
 OVERALL TOTAL                                                                                   $2.16 
----------------------------------
To estimate usage-based resources use --usage-file, see https://infracost.io/usage-file