

## Infracost estimate: **monthly cost will increase by $41 ↑**

| **Project** | **Cost change** | **New monthly cost** |
| ----------- | --------------: | -------------------- |
| infracost/infracost/cmd/infraco...data/terraform_v0.14_plan.json | +$41 (+100%) | $81 |

This comment will be updated when the cost estimate changes.

Comment not posted to Bitbucket (--dry-run was specified)
