{
  "version": "0.2",
  "metadata": {
    "infracostCommand": "diff",
    "vcsBranch": "stub-branch",
    "vcsBaseCommitSha": "stub-sha",
    "vcsCommitSha": "stub-sha",
    "vcsCommitAuthorName": "stub-author",
    "vcsCommitAuthorEmail": "stub@stub.com",
    "vcsCommitTimestamp": "REPLACED_TIME",
    "vcsCommitMessage": "stub-message",
    "vcsRepositoryUrl": "https://github.com/infracost/infracost"
  },
  "currency": "USD",
  "projects": [
    {
      "name": "REPLACED_PROJECT_PATH/testdata/diff_with_policy_data_upload",
      "displayName": "main",
      "metadata": {
        "path": "REPLACED_PROJECT_PATH/testdata/diff_with_policy_data_upload",
        "type": "terraform_dir",
        "policySha": "someshastring",
        "pastPolicySha": "someoldshastring",
        "vcsSubPath": "REPLACED_PROJECT_PATH/testdata/diff_with_policy_data_upload",
        "providers": [
          {
            "name": "aws",
            "defaultTags": {
              "DefaultNotOverride": "defaultnotoverride",
              "DefaultOverride": "defaultoverride"
            },
            "filename": "REPLACED_PROJECT_PATH/testdata/diff_with_policy_data_upload/main.tf",
            "startLine": 1,
            "endLine": 14
          }
        ]
      },
      "pastBreakdown": {
        "resources": [
          {
            "name": "aws_instance.web_app",
            "resourceType": "aws_instance",
            "tags": {
              "DefaultNotOverride": "defaultnotoverride",
              "DefaultOverride": "defaultoverride",
              "foo": "bar",
              "volume_tags.baz": "bat"
            },
            "metadata": {
              "calls": [
                {
                  "blockName": "aws_instance.web_app",
                  "endLine": 37,
                  "filename": "REPLACED_PROJECT_PATH/testdata/diff_with_policy_data_upload/main.tf",
                  "startLine": 16
                }
              ],
              "checksum": "3acb8d7106140c67676ef9dec839a0c530c96b1b14ebf4cc450e39b1a9d092cd",
              "endLine": 37,
              "filename": "REPLACED_PROJECT_PATH/testdata/diff_with_policy_data_upload/main.tf",
              "startLine": 16
            },
            "hourlyCost": "0.33597260273972602",
            "monthlyCost": "245.26",
            "costComponents": [
              {
                "name": "Instance usage (Linux/UNIX, on-demand, m5.xlarge)",
                "unit": "hours",
                "hourlyQuantity": "1",
                "monthlyQuantity": "730",
                "price": "0.192",
                "hourlyCost": "0.192",
                "monthlyCost": "140.16",
                "priceNotFound": false
              }
            ],
            "subresources": [
              {
                "name": "root_block_device",
                "metadata": {},
                "hourlyCost": "0.00698630136986301",
                "monthlyCost": "5.1",
                "costComponents": [
                  {
                    "name": "Storage (general purpose SSD, gp2)",
                    "unit": "GB",
                    "hourlyQuantity": "0.0698630136986301",
                    "monthlyQuantity": "51",
                    "price": "0.1",
                    "hourlyCost": "0.00698630136986301",
                    "monthlyCost": "5.1",
                    "priceNotFound": false
                  }
                ]
              },
              {
                "name": "ebs_block_device[0]",
                "metadata": {},
                "hourlyCost": "0.13698630136986301",
                "monthlyCost": "100",
                "costComponents": [
                  {
                    "name": "Storage (general purpose SSD, gp2)",
                    "unit": "GB",
                    "hourlyQuantity": "1.3698630136986301",
                    "monthlyQuantity": "1000",
                    "price": "0.1",
                    "hourlyCost": "0.13698630136986301",
                    "monthlyCost": "100",
                    "priceNotFound": false
                  }
                ]
              }
            ]
          }
        ],
        "totalHourlyCost": "0.33597260273972602",
        "totalMonthlyCost": "245.26",
        "totalMonthlyUsageCost": "0"
      },
      "breakdown": {
        "resources": [
          {
            "name": "aws_instance.web_app",
            "resourceType": "aws_instance",
            "tags": {
              "DefaultNotOverride": "defaultnotoverride",
              "DefaultOverride": "defaultoverride",
              "foo": "bar",
              "volume_tags.DefaultNotOverride": "defaultnotoverride",
              "volume_tags.DefaultOverride": "defaultoverride",
              "volume_tags.baz": "bat"
            },
            "defaultTags": {
              "DefaultNotOverride": "defaultnotoverride",
              "DefaultOverride": "defaultoverride"
            },
            "providerSupportsDefaultTags": true,
            "providerLink": "REPLACED_PROJECT_PATH/testdata/diff_with_policy_data_upload/main.tf:1",
            "metadata": {
              "calls": [
                {
                  "blockName": "aws_instance.web_app",
                  "endLine": 37,
                  "filename": "REPLACED_PROJECT_PATH/testdata/diff_with_policy_data_upload/main.tf",
                  "startLine": 16
                }
              ],
              "checksum": "f5dd035ad27e97bb0e63f5e9794406f76dec425251f3ad09176905bfe8c1b6c5",
              "defaultTagsChecksum": "23ce253ad214e1f28d8a9f8cda886efe35a0731151efe7c37a22652c98fa2101",
              "endLine": 37,
              "filename": "REPLACED_PROJECT_PATH/testdata/diff_with_policy_data_upload/main.tf",
              "startLine": 16
            },
            "hourlyCost": "0.91197260273972602",
            "monthlyCost": "665.74",
            "costComponents": [
              {
                "name": "Instance usage (Linux/UNIX, on-demand, m5.4xlarge)",
                "unit": "hours",
                "hourlyQuantity": "1",
                "monthlyQuantity": "730",
                "price": "0.768",
                "hourlyCost": "0.768",
                "monthlyCost": "560.64",
                "priceNotFound": false
              }
            ],
            "subresources": [
              {
                "name": "root_block_device",
                "metadata": {},
                "hourlyCost": "0.00698630136986301",
                "monthlyCost": "5.1",
                "costComponents": [
                  {
                    "name": "Storage (general purpose SSD, gp2)",
                    "unit": "GB",
                    "hourlyQuantity": "0.0698630136986301",
                    "monthlyQuantity": "51",
                    "price": "0.1",
                    "hourlyCost": "0.00698630136986301",
                    "monthlyCost": "5.1",
                    "priceNotFound": false
                  }
                ]
              },
              {
                "name": "ebs_block_device[0]",
                "metadata": {},
                "hourlyCost": "0.13698630136986301",
                "monthlyCost": "100",
                "costComponents": [
                  {
                    "name": "Storage (general purpose SSD, gp2)",
                    "unit": "GB",
                    "hourlyQuantity": "1.3698630136986301",
                    "monthlyQuantity": "1000",
                    "price": "0.1",
                    "hourlyCost": "0.13698630136986301",
                    "monthlyCost": "100",
                    "priceNotFound": false
                  }
                ]
              }
            ]
          }
        ],
        "totalHourlyCost": "0.91197260273972602",
        "totalMonthlyCost": "665.74",
        "totalMonthlyUsageCost": "0"
      },
      "diff": {
        "resources": [
          {
            "name": "aws_instance.web_app",
            "resourceType": "aws_instance",
            "tags": {
              "DefaultNotOverride": "defaultnotoverride",
              "DefaultOverride": "defaultoverride",
              "foo": "bar",
              "volume_tags.DefaultNotOverride": "defaultnotoverride",
              "volume_tags.DefaultOverride": "defaultoverride",
              "volume_tags.baz": "bat"
            },
            "defaultTags": {
              "DefaultNotOverride": "defaultnotoverride",
              "DefaultOverride": "defaultoverride"
            },
            "metadata": {},
            "hourlyCost": "0.576",
            "monthlyCost": "420.48",
            "monthlyUsageCost": "0",
            "costComponents": [
              {
                "name": "Instance usage (Linux/UNIX, on-demand, m5.xlarge → m5.4xlarge)",
                "unit": "hours",
                "hourlyQuantity": "0",
                "monthlyQuantity": "0",
                "price": "0.576",
                "hourlyCost": "0.576",
                "monthlyCost": "420.48",
                "priceNotFound": false
              }
            ]
          }
        ],
        "totalHourlyCost": "0.576",
        "totalMonthlyCost": "420.48",
        "totalMonthlyUsageCost": "0"
      },
      "summary": {
        "totalDetectedResources": 1,
        "totalSupportedResources": 1,
        "totalUnsupportedResources": 0,
        "totalUsageBasedResources": 1,
        "totalNoPriceResources": 0,
        "unsupportedResourceCounts": {},
        "noPriceResourceCounts": {}
      }
    }
  ],
  "totalHourlyCost": "0.91197260273972602",
  "totalMonthlyCost": "665.74",
  "totalMonthlyUsageCost": "0",
  "pastTotalHourlyCost": "0.33597260273972602",
  "pastTotalMonthlyCost": "245.26",
  "pastTotalMonthlyUsageCost": "0",
  "diffTotalHourlyCost": "0.576",
  "diffTotalMonthlyCost": "420.48",
  "diffTotalMonthlyUsageCost": "0",
  "timeGenerated": "REPLACED_TIME",
  "summary": {
    "totalDetectedResources": 1,
    "totalSupportedResources": 1,
    "totalUnsupportedResources": 0,
    "totalUsageBasedResources": 1,
    "totalNoPriceResources": 0,
    "unsupportedResourceCounts": {},
    "noPriceResourceCounts": {}
  }
}

Err:

