
 Name                                                                                        Monthly Qty  Unit      Monthly Cost 
                                                                                                                                 
 ibm_container_vpc_worker_pool.cluster_pool                                                                                      
 └─ VPC Container Work Zone flavor: (bx2.2x8) region: (eu-de) name: (eu-de-2) x(3) workers         2,190  hours          $318.84 
                                                                                                                                 
 ibm_container_vpc_worker_pool.cluster_pool_without_usage                                                                        
 └─ VPC Container Work Zone flavor: (bx2.2x8) region: (eu-de) name: (eu-de-2) x(3) workers             3  hours            $0.44 
                                                                                                                                 
 ibm_is_vpc.vpc1                                                                                                                 
 ├─ VPC instance                                                                                       1  Instance         $0.00 
 ├─ VPC egress free allowance (first 5GB)                                                              5  GB               $0.00 
 └─ VPC egress eu-de (first 9995 GB)                                                               9,995  GB           $1,002.70 
 └─ VPC egress eu-de (next 40000 GB)                                                              40,000  GB           $3,803.80 
 └─ VPC egress eu-de (next 100000 GB)                                                                100  GB               $8.05 
 └─ VPC egress eu-de (over 149995 GB)                                                                  0  GB               $0.00 
                                                                                                                                 
 mycluster                                                                                                                       
 └─ VPC Container Work Zone flavor: (bx2.4x16) region: (eu-de) name: (eu-de-1) x(3) workers        2,190  hours          $682.31 
                                                                                                                                 
 OVERALL TOTAL                                                                                                         $5,816.13 
──────────────────────────────────
6 cloud resources were detected:
∙ 4 were estimated, 3 of which include usage-based costs, see https://infracost.io/usage-file
∙ 2 were free:
  ∙ 2 x ibm_is_subnet