Post an Infracost comment to GitHub, GitLab, Azure Repos or Bitbucket

USAGE
  infracost comment [flags]
  infracost comment [command]

EXAMPLES
  Update the Infracost comment on a GitHub pull request:

      infracost comment github --repo my-org/my-repo --pull-request 3 --path infracost.json --behavior update --github-token $GITHUB_TOKEN

  Delete old Infracost comments and post a new comment to a GitLab commit:

      infracost comment gitlab --repo my-org/my-repo --commit 2ca7182 --path infracost.json --behavior delete-and-new --gitlab-token $GITLAB_TOKEN

  Post a new comment to an Azure Repos pull request:

      infracost comment azure-repos --repo-url https://dev.azure.com/my-org/my-project/_git/my-repo --pull-request 3 --path infracost.json --behavior new --azure-access-token $AZURE_ACCESS_TOKEN

AVAILABLE COMMANDS
  azure-repos Post an Infracost comment to Azure Repos
  bitbucket   Post an Infracost comment to Bitbucket
  github      Post an Infracost comment to GitHub
  gitlab      Post an Infracost comment to GitLab

FLAGS
  -h, --help   help for comment

GLOBAL FLAGS
      --debug-report       Generate a debug report file which can be sent to Infracost team
      --log-level string   Log level (trace, debug, info, warn, error, fatal)
      --no-color           Turn off colored output

Use "infracost comment [command] --help" for more information about a command.
