
 Name                                                 Monthly Qty  Unit   Monthly Cost   
                                                                                         
 azurerm_app_service_certificate_order.wildcard_cert                                     
 └─ SSL certificate (wildcard)                             0.0833  years        $25.00   
                                                                                         
 azurerm_app_service_certificate_order.standard_cert                                     
 └─ SSL certificate (standard)                             0.0833  years         $5.83   
                                                                                         
 OVERALL TOTAL                                                                 $30.83 

*Usage costs can be estimated by updating Infracost Cloud settings, see docs for other options.

──────────────────────────────────
2 cloud resources were detected:
∙ 2 were estimated

┏━━━━━━━━━━━━━━━━━━━━━━━━━━━━━━━━━━━━━━━━━━━━━━━━━━━━┳━━━━━━━━━━━━━━━┳━━━━━━━━━━━━━┳━━━━━━━━━━━━┓
┃ Project                                            ┃ Baseline cost ┃ Usage cost* ┃ Total cost ┃
┣━━━━━━━━━━━━━━━━━━━━━━━━━━━━━━━━━━━━━━━━━━━━━━━━━━━━╋━━━━━━━━━━━━━━━╋━━━━━━━━━━━━━╋━━━━━━━━━━━━┫
┃ main                                               ┃           $31 ┃           - ┃        $31 ┃
┗━━━━━━━━━━━━━━━━━━━━━━━━━━━━━━━━━━━━━━━━━━━━━━━━━━━━┻━━━━━━━━━━━━━━━┻━━━━━━━━━━━━━┻━━━━━━━━━━━━┛