Project: infracost/infracost/cmd/infracost/testdata/express_route_gateway_plan.json

+ azurerm_express_route_connection.express_route_conn
  +$36.50

    + ER Connections
      +$36.50

+ azurerm_express_route_gateway.express_route
  +$307

    + ER scale units (2 Gbps)
      +$307

Monthly cost change for infracost/infracost/cmd/infracost/testdata/express_route_gateway_plan.json
Amount:  +$343 ($0.00 → $343)

──────────────────────────────────
Key: ~ changed, + added, - removed

8 cloud resources were detected:
∙ 2 were estimated
∙ 3 were free:
  ∙ 1 x azurerm_resource_group
  ∙ 1 x azurerm_virtual_hub
  ∙ 1 x azurerm_virtual_wan
∙ 3 are not supported yet, see https://infracost.io/requested-resources:
  ∙ 1 x azurerm_express_route_circuit
  ∙ 1 x azurerm_express_route_circuit_peering
  ∙ 1 x azurerm_express_route_port

Err:

