
 Name                                                                              Monthly Qty  Unit                            Monthly Cost 
                                                                                                                                             
 ibm_resource_instance.cd_instance_lite                                                                                                      
 └─ Lite plan                                                                                1                                         $0.00 
                                                                                                                                             
 ibm_resource_instance.cd_instance_professional                                                                                              
 └─ Authorized Users                                                                         2  Authorized Users                      $75.40 
                                                                                                                                             
 ibm_resource_instance.resource_instance_activity_tracker_7day                                                                               
 └─ Gigabyte Months                                                                         10  Gigabyte Months                       $16.15 
                                                                                                                                             
 ibm_resource_instance.resource_instance_activity_tracker_7day_no_usage                                                                      
 └─ Gigabyte Months                                                      Monthly cost depends on usage: $1.61 per Gigabyte Months            
                                                                                                                                             
 ibm_resource_instance.resource_instance_activity_tracker_lite                                                                               
 └─ Lite plan                                                                                1                                         $0.00 
                                                                                                                                             
 ibm_resource_instance.resource_instance_appid                                                                                               
 ├─ Users (first 1 Users)                                                                    1  Users                                  $0.00 
 ├─ Users (next 9 Users)                                                                     9  Users                                  $0.02 
 ├─ Users (next 90 Users)                                                                   90  Users                                  $0.15 
 ├─ Users (next 900 Users)                                                                 900  Users                                  $1.36 
 ├─ Users (next 4000 Users)                                                                  0  Users                                  $0.00 
 ├─ Users (over 5000 Users)                                                                  0  Users                                  $0.00 
 ├─ Authentications (first 1 Authentications)                                                1  Authentications                        $0.00 
 ├─ Authentications (next 9 Authentications)                                                 9  Authentications                        $0.04 
 ├─ Authentications (next 90 Authentications)                                               90  Authentications                        $0.30 
 ├─ Authentications (next 900 Authentications)                                             900  Authentications                        $2.24 
 ├─ Authentications (next 4000 Authentications)                                          4,000  Authentications                        $6.64 
 ├─ Authentications (over 5000 Authentications)                                         10,000  Authentications                        $8.29 
 └─ Advanced Authentications (first 10 Authentications)                                     10  Authentications                        $0.22 
 └─ Advanced Authentications (next 99990 Authentications)                               19,990  Authentications                      $429.79 
 └─ Advanced Authentications (over 100000 Authentications)                                   0  Authentications                        $0.00 
                                                                                                                                             
 ibm_resource_instance.resource_instance_kms                                                                                                 
 ├─ Key versions free allowance (first 5 Key Versions)                                       5  Key Versions                           $0.00 
 └─ Key versions                                                                           295  Key Versions                         $317.52 
                                                                                                                                             
 ibm_resource_instance.resource_instance_logdna_14day                                                                                        
 └─ Gigabyte Months (14-day)                                                                 1  Gigabyte Months                        $2.15 
                                                                                                                                             
 ibm_resource_instance.resource_instance_logdna_30day                                                                                        
 └─ Gigabyte Months (30-day)                                                                 1  Gigabyte Months                        $3.23 
                                                                                                                                             
 ibm_resource_instance.resource_instance_logdna_7day                                                                                         
 └─ Gigabyte Months (7-day)                                                                  1  Gigabyte Months                        $1.50 
                                                                                                                                             
 ibm_resource_instance.resource_instance_logdna_7day_no_usage                                                                                
 └─ Gigabyte Months (7-day)                                              Monthly cost depends on usage: $1.50 per Gigabyte Months            
                                                                                                                                             
 ibm_resource_instance.resource_instance_logdna_hipaa30day                                                                                   
 └─ Gigabyte Months (hipaa-30-day)                                                           1  Gigabyte Months                        $4.12 
                                                                                                                                             
 ibm_resource_instance.resource_instance_logdna_lite                                                                                         
 └─ Lite plan                                                                                1                                         $0.00 
                                                                                                                                             
 ibm_resource_instance.resource_instance_monitoring_graduated                                                                                
 ├─ Additional Time series (first 1000 Time series hour)                                   100  Time series hour                       $0.01 
 ├─ Additional Time series (next 9000 Time series hour)                                      0  Time series hour                       $0.00 
 ├─ Additional Time series (next 90000 Time series hour)                                     0  Time series hour                       $0.00 
 ├─ Additional Time series (over 100000 Time series hour)                                    0  Time series hour                       $0.00 
 ├─ Additional Container Hours                                                           1,460  Container Hours                        $1.09 
 ├─ Additional API Calls                                                               100,000  API Calls                              $1.08 
 └─ Node Hours                                                                             730  Node Hours                            $37.72 
                                                                                                                                             
 ibm_resource_instance.resource_instance_monitoring_graduated_no_usage                                                                       
 ├─ Additional Time series (first 1000 Time series hour)                 Monthly cost depends on usage: $0.0001195944 per Time series hour   
 ├─ Additional Time series (next 9000 Time series hour)                  Monthly cost depends on usage: $0.0000747465 per Time series hour   
 ├─ Additional Time series (next 90000 Time series hour)                 Monthly cost depends on usage: $0.0000448479 per Time series hour   
 ├─ Additional Time series (over 100000 Time series hour)                Monthly cost depends on usage: $0.0000298986 per Time series hour   
 ├─ Additional Container Hours                                           Monthly cost depends on usage: $0.0007474653 per Container Hours    
 ├─ Additional API Calls                                                 Monthly cost depends on usage: $0.0000107635 per API Calls          
 └─ Node Hours                                                           Monthly cost depends on usage: $0.0516648 per Node Hours            
                                                                                                                                             
 ibm_resource_instance.resource_instance_monitoring_lite                                                                                     
 └─ Lite plan                                                                                1                                         $0.00 
                                                                                                                                             
 ibm_resource_instance.resource_instance_power_iaas                                                                                          
 └─ test                                                                                     1  Instance                               $0.00 
                                                                                                                                             
 ibm_resource_instance.resource_instance_secrets_manager                                                                                     
 ├─ Instance                                                                                 1  Instance                             $321.00 
 └─ Active Secrets                                                                         400  Secrets                               $86.00 
                                                                                                                                             
 ibm_resource_instance.scc_standard                                                                                                          
 └─ Evaluations                                                                          1,000  Evaluations                           $13.39 
                                                                                                                                             
 ibm_resource_instance.scc_trial                                                                                                             
 └─ Trial                                                                                    1                                         $0.00 
                                                                                                                                             
 ibm_resource_instance.sccwp_graduated_tier                                                                                                  
 ├─ Multi-Cloud CSPM Compute Instance Hours (first 25 Instance-Hours)                       25  Instance-Hours                       $206.00 
 ├─ Multi-Cloud CSPM Compute Instance Hours (next 25 Instance-Hours)                        25  Instance-Hours                       $175.10 
 ├─ Multi-Cloud CSPM Compute Instance Hours (next 50 Instance-Hours)                        50  Instance-Hours                       $309.00 
 ├─ Multi-Cloud CSPM Compute Instance Hours (next 150 Instance-Hours)                      150  Instance-Hours                       $865.20 
 ├─ Multi-Cloud CSPM Compute Instance Hours (next 250 Instance-Hours)                      250  Instance-Hours                     $1,236.00 
 ├─ Multi-Cloud CSPM Compute Instance Hours (over 500 Instance-Hours)                        1  Instance-Hours                         $4.53 
 ├─ Node Hours (first 3 Instance-Hours)                                                      3  Instance-Hours                         $0.19 
 ├─ Node Hours (next 2 Instance-Hours)                                                       2  Instance-Hours                         $0.11 
 ├─ Node Hours (next 5 Instance-Hours)                                                       5  Instance-Hours                         $0.24 
 ├─ Node Hours (next 15 Instance-Hours)                                                     15  Instance-Hours                         $0.68 
 ├─ Node Hours (next 25 Instance-Hours)                                                     25  Instance-Hours                         $0.97 
 ├─ Node Hours (over 50 Instance-Hours)                                                      1  Instance-Hours                         $0.04 
 └─ VM Node Hours (first 25 Instance-Hours)                                                 25  Instance-Hours                         $0.56 
 └─ VM Node Hours (next 25 Instance-Hours)                                                  25  Instance-Hours                         $0.47 
 └─ VM Node Hours (next 50 Instance-Hours)                                                  50  Instance-Hours                         $0.83 
 └─ VM Node Hours (next 150 Instance-Hours)                                                150  Instance-Hours                         $2.33 
 └─ VM Node Hours (next 250 Instance-Hours)                                                250  Instance-Hours                         $3.33 
 └─ VM Node Hours (over 500 Instance-Hours)                                                  1  Instance-Hours                         $0.01 
                                                                                                                                             
 ibm_resource_instance.wa_instance_enterprise                                                                                                
 ├─ Instance (50000 MAU included)                                                            1  Instance                           $6,000.00 
 ├─ Additional Monthly Active Users                                                          1  1K MAU                               $120.00 
 └─ Monthly Active Users using voice                                                         1  1K MAU                                $90.00 
                                                                                                                                             
 ibm_resource_instance.wa_instance_lite                                                                                                      
 └─ Lite plan                                                                                1                                         $0.00 
                                                                                                                                             
 ibm_resource_instance.wa_instance_plus                                                                                                      
 ├─ Instance (1000 MAU included)                                                             1  Instance                             $140.00 
 ├─ Additional Monthly Active Users                                                         10  100 MAU                              $140.00 
 └─ Monthly Active Users using voice                                                         1  100 MAU                                $9.00 
                                                                                                                                             
 ibm_resource_instance.wa_instance_trial                                                                                                     
 └─ Trial                                                                                    1                                         $0.00 
                                                                                                                                             
 ibm_resource_instance.watson_discovery_enterprise                                                                                           
 ├─ Instance                                                                                 1  Instance                           $5,000.00 
 ├─ Additional Monthly Documents                                                         1,000  Documents                              $5.00 
 ├─ Additional Monthly Queries                                                           1,000  Queries                                $5.00 
 ├─ Additional Monthly Custom Models                                                         1  Custom Models                        $500.00 
 └─ Additional Monthly Collections                                                           1  Hundred Collections                  $500.00 
                                                                                                                                             
 ibm_resource_instance.watson_discovery_plus                                                                                                 
 ├─ Instance                                                                                 1  Instance                             $500.00 
 ├─ Additional Monthly Documents                                                         1,000  Documents                             $50.00 
 └─ Additional Monthly Queries                                                           1,000  Queries                               $20.00 
                                                                                                                                             
 ibm_resource_instance.watson_governance_essentials                                                                                          
 └─ Resource Units                                                                         100  RU                                    $60.00 
                                                                                                                                             
 ibm_resource_instance.watson_governance_lite                                                                                                
 └─ Lite plan                                                                                1                                         $0.00 
                                                                                                                                             
 ibm_resource_instance.watson_governance_standard_v2                                                                                         
 └─ Deployed Models                                                                          1  Model                                $261.00 
                                                                                                                                             
 ibm_resource_instance.watson_studio_lite                                                                                                    
 └─ Lite plan                                                                                1                                         $0.00 
                                                                                                                                             
 ibm_resource_instance.watson_studio_professional                                                                                            
 └─ Capacity Unit-Hours                                                                      1  CUH                                    $1.02 
                                                                                                                                             
 ibm_resource_instance.wml_instance_essentials                                                                                               
 ├─ Capacity Unit-Hours                                                                     20  CUH                                   $10.40 
 ├─ Class 1 Resource Units                                                                  50  RU                                     $0.03 
 ├─ Class 2 Resource Units                                                                  50  RU                                     $0.09 
 └─ Class 3 Resource Units                                                                  50  RU                                     $0.25 
                                                                                                                                             
 ibm_resource_instance.wml_instance_lite                                                                                                     
 └─ Lite plan                                                                                1                                         $0.00 
                                                                                                                                             
 ibm_resource_instance.wml_instance_standard                                                                                                 
 ├─ Instance (2500 CUH included)                                                             1  Instance                           $1,050.00 
 ├─ Additional Capacity Unit-Hours                                       Monthly cost depends on usage: $0.42 per CUH                        
 ├─ Class 1 Resource Units                                                                  50  RU                                     $0.03 
 ├─ Class 2 Resource Units                                                                  50  RU                                     $0.09 
 └─ Class 3 Resource Units                                                                  50  RU                                     $0.25 
                                                                                                                                             
 OVERALL TOTAL                                                                                                                    $18,597.15 
──────────────────────────────────
36 cloud resources were detected:
∙ 36 were estimated, all of which include usage-based costs, see https://infracost.io/usage-file