
 Name                                                       Monthly Qty  Unit   Monthly Cost 
                                                                                             
 google_compute_region_instance_group_manager.appserver                                      
 ├─ Instance usage (Linux/UNIX, on-demand, n1-standard-16)        2,190  hours     $1,165.07 
 └─ Balanced provisioned storage (pd-balanced)                    1,200  GiB         $120.00 
                                                                                             
 OVERALL TOTAL                                                                     $1,285.07 
──────────────────────────────────
2 cloud resources were detected:
∙ 1 was estimated
∙ 1 was free:
  ∙ 1 x google_compute_instance_template

Add cost estimates to your pull requests: https://infracost.io/cicd