
 Name                                         Monthly Qty  Unit                      Monthly Cost    
                                                                                                     
 azurerm_managed_disk.ultra                                                                          
 ├─ Storage (ultra, 2048 GiB)                       2,048  GiB                            $245.19    
 ├─ Provisioned IOPS                                4,000  IOPS                           $198.56    
 └─ Throughput                                         20  MB/s                             $6.99    
                                                                                                     
 azurerm_managed_disk.custom_size_ssd                                                                
 ├─ Storage (E30, LRS)                                  1  months                          $76.80    
 └─ Disk operations                                     2  10k operations                   $0.00  * 
                                                                                                     
 azurerm_managed_disk.premium                                                                        
 └─ Storage (P4, LRS)                                   1  months                           $5.28    
                                                                                                     
 azurerm_managed_disk.standard                                                                       
 ├─ Storage (S4, LRS)                                   1  months                           $1.54    
 └─ Disk operations                    Monthly cost depends on usage: $0.0005 per 10k operations     
                                                                                                     
 OVERALL TOTAL                                                                            $534.36 

*Usage costs can be estimated by updating Infracost Cloud settings, see docs for other options.

──────────────────────────────────
4 cloud resources were detected:
∙ 4 were estimated

┏━━━━━━━━━━━━━━━━━━━━━━━━━━━━━━━━━━━━━━━━━━━━━━━━━━━━┳━━━━━━━━━━━━━━━┳━━━━━━━━━━━━━┳━━━━━━━━━━━━┓
┃ Project                                            ┃ Baseline cost ┃ Usage cost* ┃ Total cost ┃
┣━━━━━━━━━━━━━━━━━━━━━━━━━━━━━━━━━━━━━━━━━━━━━━━━━━━━╋━━━━━━━━━━━━━━━╋━━━━━━━━━━━━━╋━━━━━━━━━━━━┫
┃ main                                               ┃          $534 ┃       $0.00 ┃       $534 ┃
┗━━━━━━━━━━━━━━━━━━━━━━━━━━━━━━━━━━━━━━━━━━━━━━━━━━━━┻━━━━━━━━━━━━━━━┻━━━━━━━━━━━━━┻━━━━━━━━━━━━┛