
 Name                                                        Monthly Qty  Unit            Monthly Cost   
                                                                                                         
 google_service_networking_connection.my_usage_connection                                                
 └─ Network egress                                                                                       
    ├─ Traffic within the same region                                250  GB                     $5.00   
    ├─ Traffic within the US or Canada                               100  GB                     $2.00   
    ├─ Traffic within Europe                                          70  GB                     $1.40   
    ├─ Traffic within Asia                                            50  GB                     $4.00   
    ├─ Traffic within South America                                  100  GB                    $14.00   
    ├─ Traffic to/from Indonesia and Oceania                          50  GB                     $5.00   
    └─ Traffic between continents (excludes Oceania)                 200  GB                    $16.00   
                                                                                                         
 google_service_networking_connection.my_connection                                                      
 └─ Network egress                                                                                       
    ├─ Traffic within the same region                      Monthly cost depends on usage: $0.02 per GB   
    ├─ Traffic within the US or Canada                     Monthly cost depends on usage: $0.02 per GB   
    ├─ Traffic within Europe                               Monthly cost depends on usage: $0.02 per GB   
    ├─ Traffic within Asia                                 Monthly cost depends on usage: $0.08 per GB   
    ├─ Traffic within South America                        Monthly cost depends on usage: $0.14 per GB   
    ├─ Traffic to/from Indonesia and Oceania               Monthly cost depends on usage: $0.10 per GB   
    └─ Traffic between continents (excludes Oceania)       Monthly cost depends on usage: $0.08 per GB   
                                                                                                         
 OVERALL TOTAL                                                                                 $47.40 

*Usage costs can be estimated by updating Infracost Cloud settings, see docs for other options.

──────────────────────────────────
4 cloud resources were detected:
∙ 2 were estimated
∙ 2 were free

┏━━━━━━━━━━━━━━━━━━━━━━━━━━━━━━━━━━━━━━━━━━━━━━━━━━━━┳━━━━━━━━━━━━━━━┳━━━━━━━━━━━━━┳━━━━━━━━━━━━┓
┃ Project                                            ┃ Baseline cost ┃ Usage cost* ┃ Total cost ┃
┣━━━━━━━━━━━━━━━━━━━━━━━━━━━━━━━━━━━━━━━━━━━━━━━━━━━━╋━━━━━━━━━━━━━━━╋━━━━━━━━━━━━━╋━━━━━━━━━━━━┫
┃ main                                               ┃           $47 ┃           - ┃        $47 ┃
┗━━━━━━━━━━━━━━━━━━━━━━━━━━━━━━━━━━━━━━━━━━━━━━━━━━━━┻━━━━━━━━━━━━━━━┻━━━━━━━━━━━━━┻━━━━━━━━━━━━┛