
 Name                                      Monthly Qty  Unit              Monthly Cost 
                                                                                       
 ibm_is_volume.custom_volume                                                           
 ├─ Gigabyte Hours                             146,000  GB                      $20.00 
 └─ IOPS Hours                                 730,000  IOPS                    $70.08 
                                                                                       
 ibm_is_volume.general_purpose_5iops                                                   
 └─ Gigabyte Hours                             292,000  GB                      $56.06 
                                                                                       
 ibm_is_volume.general_purpose_volume                                                  
 └─ Gigabyte Hours                             146,000  GB                      $16.06 
                                                                                       
 ibm_is_volume.general_purpose_volume2                                                 
 └─ Gigabyte Hours                      Monthly cost depends on usage: $0.00011 per GB 
                                                                                       
 OVERALL TOTAL                                                                 $162.21 
──────────────────────────────────
4 cloud resources were detected:
∙ 4 were estimated, all of which include usage-based costs, see https://infracost.io/usage-file