version: 0.1

projects:
  - path: components/age
    name: components-age-dev
    terraform_var_files:
      - ../../variables/default.tfvars
      - ../../variables/cko-dev/age.tfvars
      - ../../variables/cko-dev/dev.tfvars
    skip_autodetect: true
    dependency_paths:
      - components/age/**
      - variables/cko-dev/age.tfvars
      - variables/cko-dev/dev.tfvars
      - variables/default.tfvars
  - path: components/age
    name: components-age-mgmt
    terraform_var_files:
      - ../../variables/default.tfvars
      - ../../variables/cko-mgmt/age.tfvars
    skip_autodetect: true
    dependency_paths:
      - components/age/**
      - variables/cko-mgmt/age.tfvars
      - variables/default.tfvars
  - path: components/age
    name: components-age-playground
    terraform_var_files:
      - ../../variables/default.tfvars
      - ../../variables/cko-playground/age.tfvars
    skip_autodetect: true
    dependency_paths:
      - components/age/**
      - variables/cko-playground/age.tfvars
      - variables/default.tfvars
  - path: components/age
    name: components-age-prod
    terraform_var_files:
      - ../../variables/default.tfvars
      - ../../variables/cko-prod/age.tfvars
    skip_autodetect: true
    dependency_paths:
      - components/age/**
      - variables/cko-prod/age.tfvars
      - variables/default.tfvars
  - path: components/airflow
    name: components-airflow-dev
    terraform_var_files:
      - ../../variables/default.tfvars
      - ../../variables/cko-dev/airflow.tfvars
      - ../../variables/cko-dev/dev.tfvars
    skip_autodetect: true
    dependency_paths:
      - components/airflow/**
      - variables/cko-dev/airflow.tfvars
      - variables/cko-dev/dev.tfvars
      - variables/default.tfvars
  - path: components/airflow
    name: components-airflow-mgmt
    terraform_var_files:
      - ../../variables/default.tfvars
      - ../../variables/cko-mgmt/airflow.tfvars
    skip_autodetect: true
    dependency_paths:
      - components/airflow/**
      - variables/cko-mgmt/airflow.tfvars
      - variables/default.tfvars
  - path: components/airflow
    name: components-airflow-playground
    terraform_var_files:
      - ../../variables/default.tfvars
      - ../../variables/cko-playground/airflow.tfvars
    skip_autodetect: true
    dependency_paths:
      - components/airflow/**
      - variables/cko-playground/airflow.tfvars
      - variables/default.tfvars
  - path: components/airflow
    name: components-airflow-prod
    terraform_var_files:
      - ../../variables/default.tfvars
      - ../../variables/cko-prod/airflow.tfvars
    skip_autodetect: true
    dependency_paths:
      - components/airflow/**
      - variables/cko-prod/airflow.tfvars
      - variables/default.tfvars
  - path: components/apm-events
    name: components-apm-events-dev
    terraform_var_files:
      - ../../variables/default.tfvars
      - ../../variables/cko-dev/apm-events.tfvars
      - ../../variables/cko-dev/dev.tfvars
    skip_autodetect: true
    dependency_paths:
      - components/apm-events/**
      - variables/cko-dev/apm-events.tfvars
      - variables/cko-dev/dev.tfvars
      - variables/default.tfvars
  - path: components/apm-events
    name: components-apm-events-mgmt
    terraform_var_files:
      - ../../variables/default.tfvars
      - ../../variables/cko-mgmt/apm-events.tfvars
    skip_autodetect: true
    dependency_paths:
      - components/apm-events/**
      - variables/cko-mgmt/apm-events.tfvars
      - variables/default.tfvars
  - path: components/apm-events
    name: components-apm-events-playground
    terraform_var_files:
      - ../../variables/default.tfvars
      - ../../variables/cko-playground/apm-events.tfvars
    skip_autodetect: true
    dependency_paths:
      - components/apm-events/**
      - variables/cko-playground/apm-events.tfvars
      - variables/default.tfvars
  - path: components/apm-events
    name: components-apm-events-prod
    terraform_var_files:
      - ../../variables/default.tfvars
      - ../../variables/cko-prod/apm-events.tfvars
    skip_autodetect: true
    dependency_paths:
      - components/apm-events/**
      - variables/cko-prod/apm-events.tfvars
      - variables/default.tfvars

