
<h3>Infracost report</h3>
<h4>💰 Monthly cost will not change</h4>
<table>
  <thead>
    <td>Project</td>
    <td>Cost change</td>
    <td>New monthly cost</td>
  </thead>
  <tbody>
    <tr>
      <td>infracost/infracost/internal/hc.../multi_project_with_module/dev</td>
      <td>$0</td>
      <td align="right">$566</td>
    </tr>
  </tbody>
</table>
<details>
<summary>Cost details</summary>

```
──────────────────────────────────

3 cloud resources were detected:
∙ 3 were estimated, all of which include usage-based costs, see https://infracost.io/usage-file
```
</details>

Comment not posted to GitHub (--dry-run was specified)
