
 Name                                      Monthly Qty  Unit              Monthly Cost 
                                                                                       
 google_compute_router_nat.nat                                                         
 ├─ Assigned VMs (first 32)                      2,920  VM-hours                 $4.09 
 └─ Data processed                               1,000  GB                      $45.00 
                                                                                       
 google_compute_router_nat.no_usage                                                    
 └─ Data processed                      Monthly cost depends on usage: $0.045 per GB   
                                                                                       
 google_compute_router_nat.over_32_vms                                                 
 ├─ Assigned VMs (first 32)                     23,360  VM-hours                $32.70 
 └─ Data processed                               1,000  GB                      $45.00 
                                                                                       
 OVERALL TOTAL                                                                 $126.79 
──────────────────────────────────
3 cloud resources were detected:
∙ 3 were estimated, all of which include usage-based costs, see https://infracost.io/usage-file