
 Name                                          Monthly Qty  Unit            Monthly Cost 
                                                                                         
 aws_fsx_windows_file_system.my_file_system                                              
 ├─ Throughput capacity                              1,024  MBps               $4,608.00 
 ├─ HDD storage                                        300  GB                     $7.50 
 └─ Backup storage                           Monthly cost depends on usage: $0.05 per GB 
                                                                                         
 aws_fsx_windows_file_system.my_system                                                   
 ├─ Throughput capacity                              1,024  MBps               $4,608.00 
 ├─ HDD storage                                        300  GB                     $7.50 
 └─ Backup storage                                  10,000  GB                   $500.00 
                                                                                         
 OVERALL TOTAL                                                                 $9,731.00 
──────────────────────────────────
2 cloud resources were detected:
∙ 2 were estimated, 2 include usage-based costs, see https://infracost.io/usage-file

Add cost estimates to your pull requests: https://infracost.io/cicd