
 Name                                                         Monthly Qty  Unit   Monthly Cost 
                                                                                               
 google_compute_instance.gpu                                                                   
 ├─ Instance usage (Linux/UNIX, on-demand, n1-standard-16)            730  hours       $388.36 
 ├─ Standard provisioned storage (pd-standard)                         10  GB            $0.40 
 └─ NVIDIA Tesla K80 (on-demand)                                    2,920  hours       $919.80 
                                                                                               
 google_compute_instance.gpu_with_hours                                                        
 ├─ Instance usage (Linux/UNIX, on-demand, n1-standard-16)            100  hours        $53.20 
 ├─ Standard provisioned storage (pd-standard)                         10  GB            $0.40 
 └─ NVIDIA Tesla K80 (on-demand)                                      400  hours       $126.00 
                                                                                               
 google_compute_instance.local_ssd                                                             
 ├─ Instance usage (Linux/UNIX, on-demand, f1-micro)                  730  hours         $3.88 
 ├─ Standard provisioned storage (pd-standard)                         10  GB            $0.40 
 └─ Local SSD provisioned storage                                     750  GB           $60.00 
                                                                                               
 google_compute_instance.preemptible                                                           
 ├─ Instance usage (Linux/UNIX, preemptible, f1-micro)                730  hours         $2.56 
 └─ Standard provisioned storage (pd-standard)                         10  GB            $0.40 
                                                                                               
 google_compute_instance.preemptible_gpu                                                       
 ├─ Instance usage (Linux/UNIX, preemptible, n1-standard-16)          730  hours       $116.80 
 ├─ Standard provisioned storage (pd-standard)                         10  GB            $0.40 
 └─ NVIDIA Tesla K80 (preemptible)                                  2,920  hours       $109.50 
                                                                                               
 google_compute_instance.preemptible_local_ssd                                                 
 ├─ Instance usage (Linux/UNIX, preemptible, f1-micro)                730  hours         $2.56 
 ├─ Standard provisioned storage (pd-standard)                         10  GB            $0.40 
 └─ Local SSD provisioned storage                                     375  GB           $18.00 
                                                                                               
 google_compute_instance.ssd                                                                   
 ├─ Instance usage (Linux/UNIX, on-demand, f1-micro)                  730  hours         $3.88 
 └─ SSD provisioned storage (pd-ssd)                                   40  GB            $6.80 
                                                                                               
 google_compute_instance.standard                                                              
 ├─ Instance usage (Linux/UNIX, on-demand, f1-micro)                  730  hours         $3.88 
 └─ Standard provisioned storage (pd-standard)                         10  GB            $0.40 
                                                                                               
 google_compute_instance.with_hours                                                            
 ├─ Instance usage (Linux/UNIX, on-demand, f1-micro)                  100  hours         $0.53 
 └─ Standard provisioned storage (pd-standard)                         10  GB            $0.40 
                                                                                               
 OVERALL TOTAL                                                                       $1,818.95 
──────────────────────────────────
9 cloud resources were detected:
∙ 9 were estimated, all of which include usage-based costs, see https://infracost.io/usage-file