
 Name                                                           Monthly Qty  Unit              Monthly Cost    
                                                                                                               
 aws_elasticache_cluster.redis_snapshot_usage                                                                  
 ├─ ElastiCache (on-demand, cache.m6g.12xlarge)                         730  hours                $2,596.61    
 └─ Backup storage                                                   10,000  GB                     $850.00  * 
                                                                                                               
 aws_elasticache_cluster.redis                                                                                 
 └─ ElastiCache (on-demand, cache.m6g.12xlarge)                         730  hours                $2,596.61    
                                                                                                               
 aws_elasticache_cluster.redis_snapshot                                                                        
 ├─ ElastiCache (on-demand, cache.m6g.12xlarge)                         730  hours                $2,596.61    
 └─ Backup storage                                           Monthly cost depends on usage: $0.085 per GB      
                                                                                                               
 aws_elasticache_replication_group.replication_group                                                           
 └─ ElastiCache (on-demand, cache.m4.large)                          11,680  hours                $1,822.08    
                                                                                                               
 aws_elasticache_cluster.redis_reserved_1yr_no_upfront                                                         
 └─ ElastiCache (reserved, cache.m6g.12xlarge)                          730  hours                $1,772.44    
                                                                                                               
 aws_elasticache_cluster.redis_reserved_1yr_partial_upfront                                                    
 └─ ElastiCache (reserved, cache.m6g.12xlarge)                          730  hours                  $843.88    
                                                                                                               
 aws_elasticache_cluster.memcached                                                                             
 └─ ElastiCache (on-demand, cache.m4.large)                           1,460  hours                  $227.76    
                                                                                                               
 aws_elasticache_cluster.redis_reserved_1yr_all_upfront                                                        
 └─ ElastiCache (reserved, cache.m6g.12xlarge)                          730  hours                    $0.00    
                                                                                                               
 OVERALL TOTAL                                                                                   $13,305.99 

*Usage costs can be estimated by updating Infracost Cloud settings, see docs for other options.

──────────────────────────────────
9 cloud resources were detected:
∙ 8 were estimated
∙ 1 was free

┏━━━━━━━━━━━━━━━━━━━━━━━━━━━━━━━━━━━━━━━━━━━━━━━━━━━━┳━━━━━━━━━━━━━━━┳━━━━━━━━━━━━━┳━━━━━━━━━━━━┓
┃ Project                                            ┃ Baseline cost ┃ Usage cost* ┃ Total cost ┃
┣━━━━━━━━━━━━━━━━━━━━━━━━━━━━━━━━━━━━━━━━━━━━━━━━━━━━╋━━━━━━━━━━━━━━━╋━━━━━━━━━━━━━╋━━━━━━━━━━━━┫
┃ main                                               ┃       $12,456 ┃        $850 ┃    $13,306 ┃
┗━━━━━━━━━━━━━━━━━━━━━━━━━━━━━━━━━━━━━━━━━━━━━━━━━━━━┻━━━━━━━━━━━━━━━┻━━━━━━━━━━━━━┻━━━━━━━━━━━━┛