Combine and output Infracost JSON files in different formats

[1mUSAGE[0m
  infracost output [flags]

[1mEXAMPLES[0m
  Show a breakdown from multiple Infracost JSON files:

      infracost output --path out1.json --path out2.json --path out3.json

  Create HTML report from multiple Infracost JSON files:

      infracost output --format html --path "out*.json" --out-file output.html # glob needs quotes

  Merge multiple Infracost JSON files:

      infracost output --format json --path "out*.json" # glob needs quotes

  Create markdown report to post in a GitHub comment:

      infracost output --format github-comment --path "out*.json" # glob needs quotes

  Create markdown report to post in a GitLab comment:

      infracost output --format gitlab-comment --path "out*.json" # glob needs quotes

  Create markdown report to post in a Azure DevOps Repos comment:

      infracost output --format azure-repos-comment --path "out*.json" # glob needs quotes

  Create markdown report to post in a Bitbucket comment:

      infracost output --format bitbucket-comment --path "out*.json" # glob needs quotes

[1mFLAGS[0m
      --fields strings        Comma separated list of output fields: all,price,monthlyQuantity,unit,hourlyCost,monthlyCost.
                              Supported by table and html output formats (default [monthlyQuantity,unit,monthlyCost])
      --format string         Output format: json, diff, table, html, github-comment, gitlab-comment, azure-repos-comment, bitbucket-comment, bitbucket-comment-summary, slack-message (default "table")
  -h, --help                  help for output
  -o, --out-file string       Save output to a file, helpful with format flag
  -p, --path stringArray      Path to Infracost JSON files, glob patterns need quotes
      --show-options string   Show projects with no diff
      --show-skipped          List unsupported and free resources

[1mGLOBAL FLAGS[0m
      --debug-report       Generate a debug report file which can be sent to Infracost team
      --log-level string   Log level (trace, debug, info, warn, error, fatal)
      --no-color           Turn off colored output
