
 Name                                                          Monthly Qty  Unit                    Monthly Cost 
                                                                                                                 
 azurerm_app_configuration.usage["standard.replicas.3"]                                                          
 ├─ Instance (3 replicas)                                               30  days                         $144.00 
 └─ Requests                                                             3  10k requests                 $131.40 
                                                                                                                 
 azurerm_app_configuration.usage["standard.replicas.1"]                                                          
 ├─ Instance (1 replica)                                                30  days                          $72.00 
 └─ Requests                                                             3  10k requests                 $131.40 
                                                                                                                 
 azurerm_app_configuration.usage["standard.replicas.0"]                                                          
 ├─ Instance                                                            30  days                          $36.00 
 └─ Requests                                                             3  10k requests                 $131.40 
                                                                                                                 
 azurerm_app_configuration.base["standard.replicas.3"]                                                           
 ├─ Instance (3 replicas)                                               30  days                         $144.00 
 └─ Requests                                             Monthly cost depends on usage: $43.80 per 10k requests  
                                                                                                                 
 azurerm_app_configuration.base["standard.replicas.1"]                                                           
 ├─ Instance (1 replica)                                                30  days                          $72.00 
 └─ Requests                                             Monthly cost depends on usage: $43.80 per 10k requests  
                                                                                                                 
 azurerm_app_configuration.base["standard.replicas.0"]                                                           
 ├─ Instance                                                            30  days                          $36.00 
 └─ Requests                                             Monthly cost depends on usage: $43.80 per 10k requests  
                                                                                                                 
 OVERALL TOTAL                                                                                           $898.20 
──────────────────────────────────
19 cloud resources were detected:
∙ 6 were estimated
∙ 13 were free

┏━━━━━━━━━━━━━━━━━━━━━━━━━━━━━━━━━━━━━━━━━━━━━━━━━━━━┳━━━━━━━━━━━━━━┓
┃ Project                                            ┃ Monthly cost ┃
┣━━━━━━━━━━━━━━━━━━━━━━━━━━━━━━━━━━━━━━━━━━━━━━━━━━━━╋━━━━━━━━━━━━━━┫
┃ TestAppConfiguration                               ┃ $898         ┃
┗━━━━━━━━━━━━━━━━━━━━━━━━━━━━━━━━━━━━━━━━━━━━━━━━━━━━┻━━━━━━━━━━━━━━┛