──────────────────────────────────
Project: REPLACED_PROJECT_PATH/testdata/breakdown_terragrunt_diff_project_error/exp/dev
Module path: exp/dev
Errors:
  Error processing module at 'REPLACED_PROJECT_PATH/testdata/breakdown_terragrunt_diff_project_error/foo/terragrunt.hcl'. How this module was found:
    dependency of module at 'REPLACED_PROJECT_PATH/testdata/breakdown_terragrunt_diff_project_error/exp/dev'. Underlying error:
      Error reading file at path REPLACED_PROJECT_PATH/testdata/breakdown_terragrunt_diff_project_error/foo/terragrunt.hcl:
        open REPLACED_PROJECT_PATH/testdata/breakdown_terragrunt_diff_project_error/foo/terragrunt.hcl:
          no such file or directory

──────────────────────────────────
Project: REPLACED_PROJECT_PATH/testdata/breakdown_terragrunt_diff_project_error/exp/prod
Module path: exp/prod
Errors:
  Error processing module at 'REPLACED_PROJECT_PATH/testdata/breakdown_terragrunt_diff_project_error/foo/terragrunt.hcl'. How this module was found:
    dependency of module at 'REPLACED_PROJECT_PATH/testdata/breakdown_terragrunt_diff_project_error/exp/dev'. Underlying error:
      Error reading file at path REPLACED_PROJECT_PATH/testdata/breakdown_terragrunt_diff_project_error/foo/terragrunt.hcl:
        open REPLACED_PROJECT_PATH/testdata/breakdown_terragrunt_diff_project_error/foo/terragrunt.hcl:
          no such file or directory

──────────────────────────────────

No cloud resources were detected

Err:



